// Jest Snapshot v1, https://goo.gl/fbAQLP

exports[`public/script.js named export surface matches the parser-derived export contract without importing the browser bundle 1`] = `
[
  "ANIMATION_DURATION_DEFAULT",
  "CLIENT_VERSION",
  "CONNECT_API_MAP",
  "DEFAULT_PRINT_TIMEOUT",
  "DEFAULT_SAVE_EDIT_TIMEOUT",
  "Generate",
  "MAX_INJECTION_DEPTH",
  "UNIQUE_APIS",
  "abortStatusCheck",
  "activateSendButtons",
  "active_character",
  "active_group",
  "addCopyToCodeBlocks",
  "addOneMessage",
  "amount_gen",
  "animation_duration",
  "animation_easing",
  "appendImageToMessage",
  "appendMediaToMessage",
  "autoLabelCurrentChat",
  "baseChatReplace",
  "buildAvatarList",
  "callPopup",
  "cancelCharacterSaveDebounced",
  "cancelDebouncedChatSave",
  "cancelStatusCheck",
  "cancelTtsPlay",
  "changeMainAPI",
  "charDragDropHandler",
  "characterGroupOverlay",
  "characterToEntity",
  "characters",
  "chat",
  "chatDragDropHandler",
  "chatElement",
  "chat_metadata",
  "cleanUpMessage",
  "clearChat",
  "clearFrontendCache",
  "clearItemizedPrompts",
  "closeCurrentChat",
  "closeMessageEditor",
  "comment_avatar",
  "converter",
  "countOccurrences",
  "createLazyFields",
  "createModelIcon",
  "createOrEditCharacter",
  "createRawPrompt",
  "create_save",
  "deactivateSendButtons",
  "default_avatar",
  "default_user_avatar",
  "deleteCharacter",
  "deleteCharacterChatByName",
  "deleteItemizedPrompts",
  "deleteLastMessage",
  "deleteMessage",
  "deleteSwipe",
  "depth_prompt_depth_default",
  "depth_prompt_role_default",
  "displayOnlineStatus",
  "displayPastChats",
  "displayVersion",
  "doNavbarIconClick",
  "doNewChat",
  "duplicateCharacter",
  "ensureMessageMediaIsArray",
  "ensureSwipes",
  "entitiesFilter",
  "eventSource",
  "event_types",
  "extension_prompt_roles",
  "extension_prompt_types",
  "extension_prompts",
  "extractJsonFromData",
  "extractMessageBias",
  "extractMessageFromData",
  "findItemizedPromptSet",
  "firstRun",
  "flushCharacterSaveDebounced",
  "flushPendingChatSaves",
  "flushPendingChatSavesForNavigation",
  "formatCharacterAvatar",
  "generateQuietPrompt",
  "generateRaw",
  "generateRawData",
  "getBiasStrings",
  "getCharacterAvatar",
  "getCharacterCardFields",
  "getCharacterCardFieldsLazy",
  "getCharacterSource",
  "getCharacters",
  "getChat",
  "getChatsFromFiles",
  "getCurrentChatDetails",
  "getCurrentChatId",
  "getEntitiesList",
  "getExtensionPrompt",
  "getExtensionPromptByName",
  "getExtensionPromptMaxDepth",
  "getExtensionPromptRoleByName",
  "getFirstDisplayedMessageId",
  "getGenerateUrl",
  "getGeneratingApi",
  "getGeneratingModel",
  "getMaxContextSize",
  "getMaxContextTokens",
  "getMaxPromptTokens",
  "getMaxResponseTokens",
  "getMediaDisplay",
  "getMediaIndex",
  "getMobileThumbnailUrl",
  "getNextMessageId",
  "getOneCharacter",
  "getOverswipeBehavior",
  "getPastCharacterChats",
  "getRequestHeaders",
  "getSettings",
  "getSillyBunnyFrontendIconSrc",
  "getSlideToggleOptions",
  "getStoppingStrings",
  "getSystemMessageByType",
  "getThumbnailUrl",
  "getThumbnailUrlForViewport",
  "getUserAvatar",
  "getUserAvatars",
  "groupToEntity",
  "handleDeleteCharacter",
  "hideSwipeButtons",
  "importCharacterChat",
  "incrementChatGeneration",
  "isChatSaving",
  "isGenerating",
  "isMessageSwipeable",
  "isOdd",
  "isStreamingEnabled",
  "isSwipingAllowed",
  "is_send_press",
  "itemizedParams",
  "itemizedPrompts",
  "koboldai_setting_names",
  "koboldai_settings",
  "lastSwipeInfo",
  "loadItemizedPrompts",
  "main_api",
  "max_context",
  "menu_type",
  "mesForShowdownParse",
  "messageEdit",
  "messageFormatting",
  "nai_settings",
  "name1",
  "name2",
  "neutralCharacterName",
  "newAssistantChat",
  "normalizeContentText",
  "novelai_setting_names",
  "novelai_settings",
  "online_status",
  "openCharacterChat",
  "parseAvatarSource",
  "parseMesExamples",
  "pingServer",
  "printCharacters",
  "printCharactersDebounced",
  "printMessages",
  "processCommands",
  "processDroppedFiles",
  "promptItemize",
  "recentSwipes",
  "redisplayChat",
  "refreshCharacterAvatar",
  "refreshCsrfToken",
  "refreshMessageModelIcons",
  "refreshSwipeButtons",
  "reloadChatMutex",
  "reloadCurrentChat",
  "reloadCurrentChatUnsafe",
  "reloadMarkdownProcessor",
  "removeDepthPrompts",
  "removeMacros",
  "renameCharacter",
  "renameChat",
  "renameGroupOrCharacterChat",
  "renderTemplate",
  "replaceCurrentChat",
  "replaceItemizedPromptText",
  "resetChatState",
  "resultCheckStatus",
  "saveCharacterDebounced",
  "saveChat",
  "saveChatConditional",
  "saveChatDebounced",
  "saveItemizedPrompts",
  "saveMetadata",
  "saveReply",
  "saveSettings",
  "saveSettingsDebounced",
  "scrollChatToBottom",
  "scrollOnMediaLoad",
  "selectCharacterById",
  "selectRightMenuWithAnimation",
  "select_rm_info",
  "select_selected_character",
  "selected_button",
  "sendGenerationRequest",
  "sendMessageAsUser",
  "sendStreamingRequest",
  "sendSystemMessage",
  "sendTextareaMessage",
  "setActiveCharacter",
  "setActiveGroup",
  "setAnimationDuration",
  "setCharacterId",
  "setCharacterMenuEntityView",
  "setCharacterName",
  "setCharacterSettingsOverrides",
  "setEditedMessageId",
  "setExtensionPrompt",
  "setExternalAbortController",
  "setGenerationChatFilter",
  "setGenerationParamsFromPreset",
  "setGenerationProgress",
  "setMenuType",
  "setOnlineStatus",
  "setPendingGeneratedMessageExtra",
  "setPendingUserMessageExtra",
  "setScenarioOverride",
  "setSendButtonState",
  "setUserAvatar",
  "setUserName",
  "settings",
  "settingsReady",
  "shouldAutoContinue",
  "showMoreMessages",
  "showNewerMessages",
  "showSwipeButtons",
  "startStatusLoading",
  "stopGeneration",
  "stopStatusLoading",
  "streamingProcessor",
  "stringifyUnknown",
  "substituteParams",
  "substituteParamsExtended",
  "substituteParamsLegacy",
  "swipe",
  "swipeState",
  "swipe_left",
  "swipe_right",
  "swipesHidden",
  "syncCharacterMenuActiveEntity",
  "syncMesToSwipe",
  "syncSwipeToMes",
  "systemUserName",
  "system_avatar",
  "system_message_types",
  "system_messages",
  "tagToEntity",
  "talkativeness_default",
  "this_chid",
  "token",
  "triggerAutoContinue",
  "unshallowCharacter",
  "updateChatMetadata",
  "updateEditArrowClasses",
  "updateMessageBlock",
  "updateMessageElement",
  "updateMessageMetaBadges",
  "updateMessageTokenAccounting",
  "updateRemoteChatName",
  "updateSwipeCounter",
  "updateViewMessageIds",
  "user_avatar",
]
`;
